// Jest Snapshot v1, https://goo.gl/fbAQLP

exports[`StatefulComponent Snapshot StatefulComponent component 1`] = `
<Text>
  Loading
</Text>
`;

exports[`StatefulComponent Snapshot StatefulComponent component after complete render 1`] = `
<View
  style={
    Object {
      "alignItems": "center",
    }
  }
>
  <Text
    style={
      Array [
        Object {
          "color": "rgba(0, 0, 0, 0.87)",
          "fontFamily": "Roboto",
          "fontSize": 20,
          "fontWeight": "500",
        },
        Object {
          "marginBottom": 8,
          "textAlign": "center",
        },
      ]
    }
  >
    Empty area
  </Text>
  <Text
    style={
      Array [
        Object {
          "color": "rgba(0, 0, 0, 0.87)",
          "fontFamily": "Roboto",
          "fontSize": 16,
          "fontWeight": "400",
        },
        Object {
          "textAlign": "center",
        },
      ]
    }
  >
    No data found.
  </Text>
</View>
`;

exports[`StatefulComponent Snapshot StatefulComponent component after complete render with child 1`] = `
<View
  style={
    Object {
      "alignItems": "center",
    }
  }
>
  <Text
    style={
      Array [
        Object {
          "color": "rgba(0, 0, 0, 0.87)",
          "fontFamily": "Roboto",
          "fontSize": 20,
          "fontWeight": "500",
        },
        Object {
          "marginBottom": 8,
          "textAlign": "center",
        },
      ]
    }
  >
    Empty area
  </Text>
  <Text
    style={
      Array [
        Object {
          "color": "rgba(0, 0, 0, 0.87)",
          "fontFamily": "Roboto",
          "fontSize": 16,
          "fontWeight": "400",
        },
        Object {
          "textAlign": "center",
        },
      ]
    }
  >
    No data found.
  </Text>
</View>
`;

exports[`StatefulComponent Snapshot StatefulComponent component after complete render with child, isEmpty: () => true 1`] = `null`;

exports[`StatefulComponent Snapshot StatefulComponent component after complete render with child, isEmpty: () => true, Component 1`] = `null`;

exports[`StatefulComponent Snapshot StatefulComponent component after complete render with child, loading: true 1`] = `null`;
