// Jest Snapshot v1, https://goo.gl/fbAQLP

exports[`Noop Should not render anything if there are no children 1`] = `
Object {
  "instance": null,
  "nodeType": "component",
  "props": Object {},
  "rendered": null,
  "type": [Function],
}
`;

exports[`Noop Should render children 1`] = `
Object {
  "instance": null,
  "nodeType": "component",
  "props": Object {
    "children": <Testing />,
  },
  "rendered": Object {
    "instance": null,
    "nodeType": "component",
    "props": Object {},
    "rendered": Object {
      "instance": Component {
        "_reactInternalFiber": FiberNode {
          "_debugHookTypes": null,
          "_debugID": 9,
          "_debugIsCurrentlyTiming": false,
          "_debugOwner": FiberNode {
            "_debugHookTypes": null,
            "_debugID": 8,
            "_debugIsCurrentlyTiming": false,
            "_debugOwner": null,
            "_debugSource": null,
            "alternate": null,
            "child": [Circular],
            "childExpirationTime": 0,
            "contextDependencies": null,
            "effectTag": 1,
            "elementType": [Function],
            "expirationTime": 0,
            "firstEffect": null,
            "index": 0,
            "key": null,
            "lastEffect": null,
            "memoizedProps": Object {},
            "memoizedState": null,
            "mode": 0,
            "nextEffect": null,
            "pendingProps": Object {},
            "ref": null,
            "return": FiberNode {
              "_debugHookTypes": null,
              "_debugID": 7,
              "_debugIsCurrentlyTiming": false,
              "_debugOwner": null,
              "_debugSource": null,
              "alternate": null,
              "child": [Circular],
              "childExpirationTime": 0,
              "contextDependencies": null,
              "effectTag": 1,
              "elementType": [Function],
              "expirationTime": 0,
              "firstEffect": null,
              "index": 0,
              "key": null,
              "lastEffect": null,
              "memoizedProps": Object {
                "children": <Testing />,
              },
              "memoizedState": null,
              "mode": 0,
              "nextEffect": null,
              "pendingProps": Object {
                "children": <Testing />,
              },
              "ref": null,
              "return": FiberNode {
                "_debugHookTypes": null,
                "_debugID": 5,
                "_debugIsCurrentlyTiming": false,
                "_debugOwner": null,
                "_debugSource": null,
                "alternate": FiberNode {
                  "_debugHookTypes": null,
                  "_debugID": 5,
                  "_debugIsCurrentlyTiming": false,
                  "_debugOwner": null,
                  "_debugSource": null,
                  "alternate": [Circular],
                  "child": null,
                  "childExpirationTime": 0,
                  "contextDependencies": null,
                  "effectTag": 0,
                  "elementType": null,
                  "expirationTime": 1073741823,
                  "firstEffect": null,
                  "index": 0,
                  "key": null,
                  "lastEffect": null,
                  "memoizedProps": null,
                  "memoizedState": null,
                  "mode": 0,
                  "nextEffect": null,
                  "pendingProps": null,
                  "ref": null,
                  "return": null,
                  "sibling": null,
                  "stateNode": Object {
                    "containerInfo": Object {
                      "children": Array [
                        Object {
                          "children": Array [
                            Object {
                              "isHidden": false,
                              "tag": "TEXT",
                              "text": "Testing",
                            },
                          ],
                          "isHidden": false,
                          "props": Object {
                            "children": "Testing",
                          },
                          "rootContainerInstance": [Circular],
                          "tag": "INSTANCE",
                          "type": "Text",
                        },
                      ],
                      "createNodeMock": [Function],
                      "tag": "CONTAINER",
                    },
                    "context": Object {},
                    "current": [Circular],
                    "didError": false,
                    "earliestPendingTime": 0,
                    "earliestSuspendedTime": 0,
                    "expirationTime": 0,
                    "finishedWork": null,
                    "firstBatch": null,
                    "hydrate": false,
                    "latestPendingTime": 0,
                    "latestPingedTime": 0,
                    "latestSuspendedTime": 0,
                    "nextExpirationTimeToWorkOn": 0,
                    "nextScheduledRoot": null,
                    "pendingChildren": null,
                    "pendingCommitExpirationTime": 0,
                    "pendingContext": null,
                    "pingCache": null,
                    "timeoutHandle": -1,
                  },
                  "tag": 3,
                  "type": null,
                  "updateQueue": Object {
                    "baseState": null,
                    "firstCapturedEffect": null,
                    "firstCapturedUpdate": null,
                    "firstEffect": null,
                    "firstUpdate": Object {
                      "callback": null,
                      "expirationTime": 1073741823,
                      "next": null,
                      "nextEffect": null,
                      "payload": Object {
                        "element": <Unknown>
                          <Testing />
                        </Unknown>,
                      },
                      "tag": 0,
                    },
                    "lastCapturedEffect": null,
                    "lastCapturedUpdate": null,
                    "lastEffect": null,
                    "lastUpdate": Object {
                      "callback": null,
                      "expirationTime": 1073741823,
                      "next": null,
                      "nextEffect": null,
                      "payload": Object {
                        "element": <Unknown>
                          <Testing />
                        </Unknown>,
                      },
                      "tag": 0,
                    },
                  },
                },
                "child": [Circular],
                "childExpirationTime": 0,
                "contextDependencies": null,
                "effectTag": 0,
                "elementType": null,
                "expirationTime": 0,
                "firstEffect": [Circular],
                "index": 0,
                "key": null,
                "lastEffect": [Circular],
                "memoizedProps": null,
                "memoizedState": Object {
                  "element": <Unknown>
                    <Testing />
                  </Unknown>,
                },
                "mode": 0,
                "nextEffect": null,
                "pendingProps": null,
                "ref": null,
                "return": null,
                "sibling": null,
                "stateNode": Object {
                  "containerInfo": Object {
                    "children": Array [
                      Object {
                        "children": Array [
                          Object {
                            "isHidden": false,
                            "tag": "TEXT",
                            "text": "Testing",
                          },
                        ],
                        "isHidden": false,
                        "props": Object {
                          "children": "Testing",
                        },
                        "rootContainerInstance": [Circular],
                        "tag": "INSTANCE",
                        "type": "Text",
                      },
                    ],
                    "createNodeMock": [Function],
                    "tag": "CONTAINER",
                  },
                  "context": Object {},
                  "current": [Circular],
                  "didError": false,
                  "earliestPendingTime": 0,
                  "earliestSuspendedTime": 0,
                  "expirationTime": 0,
                  "finishedWork": null,
                  "firstBatch": null,
                  "hydrate": false,
                  "latestPendingTime": 0,
                  "latestPingedTime": 0,
                  "latestSuspendedTime": 0,
                  "nextExpirationTimeToWorkOn": 0,
                  "nextScheduledRoot": null,
                  "pendingChildren": null,
                  "pendingCommitExpirationTime": 0,
                  "pendingContext": null,
                  "pingCache": null,
                  "timeoutHandle": -1,
                },
                "tag": 3,
                "type": null,
                "updateQueue": Object {
                  "baseState": Object {
                    "element": <Unknown>
                      <Testing />
                    </Unknown>,
                  },
                  "firstCapturedEffect": null,
                  "firstCapturedUpdate": null,
                  "firstEffect": null,
                  "firstUpdate": null,
                  "lastCapturedEffect": null,
                  "lastCapturedUpdate": null,
                  "lastEffect": null,
                  "lastUpdate": null,
                },
              },
              "sibling": null,
              "stateNode": null,
              "tag": 0,
              "type": [Function],
              "updateQueue": null,
            },
            "sibling": null,
            "stateNode": null,
            "tag": 0,
            "type": [Function],
            "updateQueue": null,
          },
          "_debugSource": null,
          "alternate": null,
          "child": FiberNode {
            "_debugHookTypes": null,
            "_debugID": 10,
            "_debugIsCurrentlyTiming": false,
            "_debugOwner": [Circular],
            "_debugSource": null,
            "alternate": null,
            "child": FiberNode {
              "_debugHookTypes": null,
              "_debugID": 11,
              "_debugIsCurrentlyTiming": false,
              "_debugOwner": null,
              "_debugSource": null,
              "alternate": null,
              "child": null,
              "childExpirationTime": 0,
              "contextDependencies": null,
              "effectTag": 0,
              "elementType": null,
              "expirationTime": 0,
              "firstEffect": null,
              "index": 0,
              "key": null,
              "lastEffect": null,
              "memoizedProps": "Testing",
              "memoizedState": null,
              "mode": 0,
              "nextEffect": null,
              "pendingProps": "Testing",
              "ref": null,
              "return": [Circular],
              "sibling": null,
              "stateNode": Object {
                "isHidden": false,
                "tag": "TEXT",
                "text": "Testing",
              },
              "tag": 6,
              "type": null,
              "updateQueue": null,
            },
            "childExpirationTime": 0,
            "contextDependencies": null,
            "effectTag": 0,
            "elementType": "Text",
            "expirationTime": 0,
            "firstEffect": null,
            "index": 0,
            "key": null,
            "lastEffect": null,
            "memoizedProps": Object {
              "children": "Testing",
            },
            "memoizedState": null,
            "mode": 0,
            "nextEffect": null,
            "pendingProps": Object {
              "children": "Testing",
            },
            "ref": null,
            "return": [Circular],
            "sibling": null,
            "stateNode": Object {
              "children": Array [
                Object {
                  "isHidden": false,
                  "tag": "TEXT",
                  "text": "Testing",
                },
              ],
              "isHidden": false,
              "props": Object {
                "children": "Testing",
              },
              "rootContainerInstance": Object {
                "children": Array [
                  [Circular],
                ],
                "createNodeMock": [Function],
                "tag": "CONTAINER",
              },
              "tag": "INSTANCE",
              "type": "Text",
            },
            "tag": 5,
            "type": "Text",
            "updateQueue": null,
          },
          "childExpirationTime": 0,
          "contextDependencies": null,
          "effectTag": 1,
          "elementType": [Function],
          "expirationTime": 0,
          "firstEffect": null,
          "index": 0,
          "key": null,
          "lastEffect": null,
          "memoizedProps": Object {
            "children": "Testing",
          },
          "memoizedState": null,
          "mode": 0,
          "nextEffect": null,
          "pendingProps": Object {
            "children": "Testing",
          },
          "ref": null,
          "return": FiberNode {
            "_debugHookTypes": null,
            "_debugID": 8,
            "_debugIsCurrentlyTiming": false,
            "_debugOwner": null,
            "_debugSource": null,
            "alternate": null,
            "child": [Circular],
            "childExpirationTime": 0,
            "contextDependencies": null,
            "effectTag": 1,
            "elementType": [Function],
            "expirationTime": 0,
            "firstEffect": null,
            "index": 0,
            "key": null,
            "lastEffect": null,
            "memoizedProps": Object {},
            "memoizedState": null,
            "mode": 0,
            "nextEffect": null,
            "pendingProps": Object {},
            "ref": null,
            "return": FiberNode {
              "_debugHookTypes": null,
              "_debugID": 7,
              "_debugIsCurrentlyTiming": false,
              "_debugOwner": null,
              "_debugSource": null,
              "alternate": null,
              "child": [Circular],
              "childExpirationTime": 0,
              "contextDependencies": null,
              "effectTag": 1,
              "elementType": [Function],
              "expirationTime": 0,
              "firstEffect": null,
              "index": 0,
              "key": null,
              "lastEffect": null,
              "memoizedProps": Object {
                "children": <Testing />,
              },
              "memoizedState": null,
              "mode": 0,
              "nextEffect": null,
              "pendingProps": Object {
                "children": <Testing />,
              },
              "ref": null,
              "return": FiberNode {
                "_debugHookTypes": null,
                "_debugID": 5,
                "_debugIsCurrentlyTiming": false,
                "_debugOwner": null,
                "_debugSource": null,
                "alternate": FiberNode {
                  "_debugHookTypes": null,
                  "_debugID": 5,
                  "_debugIsCurrentlyTiming": false,
                  "_debugOwner": null,
                  "_debugSource": null,
                  "alternate": [Circular],
                  "child": null,
                  "childExpirationTime": 0,
                  "contextDependencies": null,
                  "effectTag": 0,
                  "elementType": null,
                  "expirationTime": 1073741823,
                  "firstEffect": null,
                  "index": 0,
                  "key": null,
                  "lastEffect": null,
                  "memoizedProps": null,
                  "memoizedState": null,
                  "mode": 0,
                  "nextEffect": null,
                  "pendingProps": null,
                  "ref": null,
                  "return": null,
                  "sibling": null,
                  "stateNode": Object {
                    "containerInfo": Object {
                      "children": Array [
                        Object {
                          "children": Array [
                            Object {
                              "isHidden": false,
                              "tag": "TEXT",
                              "text": "Testing",
                            },
                          ],
                          "isHidden": false,
                          "props": Object {
                            "children": "Testing",
                          },
                          "rootContainerInstance": [Circular],
                          "tag": "INSTANCE",
                          "type": "Text",
                        },
                      ],
                      "createNodeMock": [Function],
                      "tag": "CONTAINER",
                    },
                    "context": Object {},
                    "current": [Circular],
                    "didError": false,
                    "earliestPendingTime": 0,
                    "earliestSuspendedTime": 0,
                    "expirationTime": 0,
                    "finishedWork": null,
                    "firstBatch": null,
                    "hydrate": false,
                    "latestPendingTime": 0,
                    "latestPingedTime": 0,
                    "latestSuspendedTime": 0,
                    "nextExpirationTimeToWorkOn": 0,
                    "nextScheduledRoot": null,
                    "pendingChildren": null,
                    "pendingCommitExpirationTime": 0,
                    "pendingContext": null,
                    "pingCache": null,
                    "timeoutHandle": -1,
                  },
                  "tag": 3,
                  "type": null,
                  "updateQueue": Object {
                    "baseState": null,
                    "firstCapturedEffect": null,
                    "firstCapturedUpdate": null,
                    "firstEffect": null,
                    "firstUpdate": Object {
                      "callback": null,
                      "expirationTime": 1073741823,
                      "next": null,
                      "nextEffect": null,
                      "payload": Object {
                        "element": <Unknown>
                          <Testing />
                        </Unknown>,
                      },
                      "tag": 0,
                    },
                    "lastCapturedEffect": null,
                    "lastCapturedUpdate": null,
                    "lastEffect": null,
                    "lastUpdate": Object {
                      "callback": null,
                      "expirationTime": 1073741823,
                      "next": null,
                      "nextEffect": null,
                      "payload": Object {
                        "element": <Unknown>
                          <Testing />
                        </Unknown>,
                      },
                      "tag": 0,
                    },
                  },
                },
                "child": [Circular],
                "childExpirationTime": 0,
                "contextDependencies": null,
                "effectTag": 0,
                "elementType": null,
                "expirationTime": 0,
                "firstEffect": [Circular],
                "index": 0,
                "key": null,
                "lastEffect": [Circular],
                "memoizedProps": null,
                "memoizedState": Object {
                  "element": <Unknown>
                    <Testing />
                  </Unknown>,
                },
                "mode": 0,
                "nextEffect": null,
                "pendingProps": null,
                "ref": null,
                "return": null,
                "sibling": null,
                "stateNode": Object {
                  "containerInfo": Object {
                    "children": Array [
                      Object {
                        "children": Array [
                          Object {
                            "isHidden": false,
                            "tag": "TEXT",
                            "text": "Testing",
                          },
                        ],
                        "isHidden": false,
                        "props": Object {
                          "children": "Testing",
                        },
                        "rootContainerInstance": [Circular],
                        "tag": "INSTANCE",
                        "type": "Text",
                      },
                    ],
                    "createNodeMock": [Function],
                    "tag": "CONTAINER",
                  },
                  "context": Object {},
                  "current": [Circular],
                  "didError": false,
                  "earliestPendingTime": 0,
                  "earliestSuspendedTime": 0,
                  "expirationTime": 0,
                  "finishedWork": null,
                  "firstBatch": null,
                  "hydrate": false,
                  "latestPendingTime": 0,
                  "latestPingedTime": 0,
                  "latestSuspendedTime": 0,
                  "nextExpirationTimeToWorkOn": 0,
                  "nextScheduledRoot": null,
                  "pendingChildren": null,
                  "pendingCommitExpirationTime": 0,
                  "pendingContext": null,
                  "pingCache": null,
                  "timeoutHandle": -1,
                },
                "tag": 3,
                "type": null,
                "updateQueue": Object {
                  "baseState": Object {
                    "element": <Unknown>
                      <Testing />
                    </Unknown>,
                  },
                  "firstCapturedEffect": null,
                  "firstCapturedUpdate": null,
                  "firstEffect": null,
                  "firstUpdate": null,
                  "lastCapturedEffect": null,
                  "lastCapturedUpdate": null,
                  "lastEffect": null,
                  "lastUpdate": null,
                },
              },
              "sibling": null,
              "stateNode": null,
              "tag": 0,
              "type": [Function],
              "updateQueue": null,
            },
            "sibling": null,
            "stateNode": null,
            "tag": 0,
            "type": [Function],
            "updateQueue": null,
          },
          "sibling": null,
          "stateNode": [Circular],
          "tag": 1,
          "type": [Function],
          "updateQueue": null,
        },
        "_reactInternalInstance": Object {},
        "context": Object {},
        "props": Object {
          "children": "Testing",
        },
        "refs": Object {},
        "state": null,
        "updater": Object {
          "enqueueForceUpdate": [Function],
          "enqueueReplaceState": [Function],
          "enqueueSetState": [Function],
          "isMounted": [Function],
        },
      },
      "nodeType": "component",
      "props": Object {
        "children": "Testing",
      },
      "rendered": Object {
        "instance": null,
        "nodeType": "host",
        "props": Object {
          "children": "Testing",
        },
        "rendered": Array [
          "Testing",
        ],
        "type": "Text",
      },
      "type": [Function],
    },
    "type": [Function],
  },
  "type": [Function],
}
`;
