// Jest Snapshot v1, https://goo.gl/fbAQLP

exports[`JsonSchema Snapshot ComponentState component 1`] = `
Object {
  "instance": JsonSchema {
    "_reactInternalFiber": FiberNode {
      "_debugID": 3,
      "_debugIsCurrentlyTiming": false,
      "_debugOwner": null,
      "_debugSource": null,
      "alternate": null,
      "child": FiberNode {
        "_debugID": 4,
        "_debugIsCurrentlyTiming": false,
        "_debugOwner": [Circular],
        "_debugSource": null,
        "alternate": null,
        "child": FiberNode {
          "_debugID": 5,
          "_debugIsCurrentlyTiming": false,
          "_debugOwner": [Circular],
          "_debugSource": null,
          "alternate": null,
          "child": FiberNode {
            "_debugID": 6,
            "_debugIsCurrentlyTiming": false,
            "_debugOwner": [Circular],
            "_debugSource": null,
            "alternate": null,
            "child": FiberNode {
              "_debugID": 7,
              "_debugIsCurrentlyTiming": false,
              "_debugOwner": null,
              "_debugSource": null,
              "alternate": null,
              "child": null,
              "childExpirationTime": 0,
              "effectTag": 0,
              "elementType": null,
              "expirationTime": 0,
              "firstContextDependency": null,
              "firstEffect": null,
              "index": 0,
              "key": null,
              "lastEffect": null,
              "memoizedProps": "This componenet is generated through JsonSchema Component",
              "memoizedState": null,
              "mode": 0,
              "nextEffect": null,
              "pendingProps": "This componenet is generated through JsonSchema Component",
              "ref": null,
              "return": [Circular],
              "sibling": null,
              "stateNode": Object {
                "isHidden": false,
                "tag": "TEXT",
                "text": "This componenet is generated through JsonSchema Component",
              },
              "tag": 6,
              "type": null,
              "updateQueue": null,
            },
            "childExpirationTime": 0,
            "effectTag": 0,
            "elementType": "Text",
            "expirationTime": 0,
            "firstContextDependency": null,
            "firstEffect": null,
            "index": 0,
            "key": null,
            "lastEffect": null,
            "memoizedProps": Object {
              "children": "This componenet is generated through JsonSchema Component",
              "style": Object {
                "color": "red",
              },
            },
            "memoizedState": null,
            "mode": 0,
            "nextEffect": null,
            "pendingProps": Object {
              "children": "This componenet is generated through JsonSchema Component",
              "style": Object {
                "color": "red",
              },
            },
            "ref": null,
            "return": [Circular],
            "sibling": null,
            "stateNode": Object {
              "children": Array [
                Object {
                  "isHidden": false,
                  "tag": "TEXT",
                  "text": "This componenet is generated through JsonSchema Component",
                },
              ],
              "isHidden": false,
              "props": Object {
                "children": "This componenet is generated through JsonSchema Component",
                "style": Object {
                  "color": "red",
                },
              },
              "rootContainerInstance": Object {
                "children": Array [
                  [Circular],
                ],
                "createNodeMock": [Function],
                "tag": "CONTAINER",
              },
              "tag": "INSTANCE",
              "type": "Text",
            },
            "tag": 5,
            "type": "Text",
            "updateQueue": null,
          },
          "childExpirationTime": 0,
          "effectTag": 1,
          "elementType": [Function],
          "expirationTime": 0,
          "firstContextDependency": null,
          "firstEffect": null,
          "index": 0,
          "key": null,
          "lastEffect": null,
          "memoizedProps": Object {
            "children": "This componenet is generated through JsonSchema Component",
            "style": Object {
              "color": "red",
            },
          },
          "memoizedState": null,
          "mode": 0,
          "nextEffect": null,
          "pendingProps": Object {
            "children": "This componenet is generated through JsonSchema Component",
            "style": Object {
              "color": "red",
            },
          },
          "ref": null,
          "return": [Circular],
          "sibling": null,
          "stateNode": Component {
            "_reactInternalFiber": [Circular],
            "_reactInternalInstance": Object {},
            "context": Object {},
            "props": Object {
              "children": "This componenet is generated through JsonSchema Component",
              "style": Object {
                "color": "red",
              },
            },
            "refs": Object {},
            "state": null,
            "updater": Object {
              "enqueueForceUpdate": [Function],
              "enqueueReplaceState": [Function],
              "enqueueSetState": [Function],
              "isMounted": [Function],
            },
          },
          "tag": 1,
          "type": [Function],
          "updateQueue": null,
        },
        "childExpirationTime": 0,
        "effectTag": 1,
        "elementType": [Function],
        "expirationTime": 0,
        "firstContextDependency": null,
        "firstEffect": null,
        "index": 0,
        "key": null,
        "lastEffect": null,
        "memoizedProps": Object {
          "children": [Function],
        },
        "memoizedState": null,
        "mode": 0,
        "nextEffect": null,
        "pendingProps": Object {
          "children": [Function],
        },
        "ref": null,
        "return": [Circular],
        "sibling": null,
        "stateNode": null,
        "tag": 0,
        "type": [Function],
        "updateQueue": null,
      },
      "childExpirationTime": 0,
      "effectTag": 1,
      "elementType": [Function],
      "expirationTime": 0,
      "firstContextDependency": null,
      "firstEffect": null,
      "index": 0,
      "key": null,
      "lastEffect": null,
      "memoizedProps": Object {
        "schema": Object {
          "component": "Text",
          "props": Object {
            "style": Object {
              "color": "red",
            },
          },
          "text": "This componenet is generated through JsonSchema Component",
        },
      },
      "memoizedState": null,
      "mode": 0,
      "nextEffect": null,
      "pendingProps": Object {
        "schema": Object {
          "component": "Text",
          "props": Object {
            "style": Object {
              "color": "red",
            },
          },
          "text": "This componenet is generated through JsonSchema Component",
        },
      },
      "ref": null,
      "return": FiberNode {
        "_debugID": 1,
        "_debugIsCurrentlyTiming": false,
        "_debugOwner": null,
        "_debugSource": null,
        "alternate": FiberNode {
          "_debugID": 1,
          "_debugIsCurrentlyTiming": false,
          "_debugOwner": null,
          "_debugSource": null,
          "alternate": [Circular],
          "child": null,
          "childExpirationTime": 0,
          "effectTag": 0,
          "elementType": null,
          "expirationTime": 1073741823,
          "firstContextDependency": null,
          "firstEffect": null,
          "index": 0,
          "key": null,
          "lastEffect": null,
          "memoizedProps": null,
          "memoizedState": null,
          "mode": 0,
          "nextEffect": null,
          "pendingProps": null,
          "ref": null,
          "return": null,
          "sibling": null,
          "stateNode": Object {
            "containerInfo": Object {
              "children": Array [
                Object {
                  "children": Array [
                    Object {
                      "isHidden": false,
                      "tag": "TEXT",
                      "text": "This componenet is generated through JsonSchema Component",
                    },
                  ],
                  "isHidden": false,
                  "props": Object {
                    "children": "This componenet is generated through JsonSchema Component",
                    "style": Object {
                      "color": "red",
                    },
                  },
                  "rootContainerInstance": [Circular],
                  "tag": "INSTANCE",
                  "type": "Text",
                },
              ],
              "createNodeMock": [Function],
              "tag": "CONTAINER",
            },
            "context": Object {},
            "current": [Circular],
            "didError": false,
            "earliestPendingTime": 0,
            "earliestSuspendedTime": 0,
            "expirationTime": 0,
            "finishedWork": null,
            "firstBatch": null,
            "hydrate": false,
            "latestPendingTime": 0,
            "latestPingedTime": 0,
            "latestSuspendedTime": 0,
            "nextExpirationTimeToWorkOn": 0,
            "nextScheduledRoot": null,
            "pendingChildren": null,
            "pendingCommitExpirationTime": 0,
            "pendingContext": null,
            "timeoutHandle": -1,
          },
          "tag": 3,
          "type": null,
          "updateQueue": Object {
            "baseState": null,
            "firstCapturedEffect": null,
            "firstCapturedUpdate": null,
            "firstEffect": null,
            "firstUpdate": Object {
              "callback": null,
              "expirationTime": 1073741823,
              "next": null,
              "nextEffect": null,
              "payload": Object {
                "element": <JsonSchema
                  schema={
                    Object {
                      "component": "Text",
                      "props": Object {
                        "style": Object {
                          "color": "red",
                        },
                      },
                      "text": "This componenet is generated through JsonSchema Component",
                    }
                  }
                />,
              },
              "tag": 0,
            },
            "lastCapturedEffect": null,
            "lastCapturedUpdate": null,
            "lastEffect": null,
            "lastUpdate": Object {
              "callback": null,
              "expirationTime": 1073741823,
              "next": null,
              "nextEffect": null,
              "payload": Object {
                "element": <JsonSchema
                  schema={
                    Object {
                      "component": "Text",
                      "props": Object {
                        "style": Object {
                          "color": "red",
                        },
                      },
                      "text": "This componenet is generated through JsonSchema Component",
                    }
                  }
                />,
              },
              "tag": 0,
            },
          },
        },
        "child": [Circular],
        "childExpirationTime": 0,
        "effectTag": 0,
        "elementType": null,
        "expirationTime": 0,
        "firstContextDependency": null,
        "firstEffect": [Circular],
        "index": 0,
        "key": null,
        "lastEffect": [Circular],
        "memoizedProps": null,
        "memoizedState": Object {
          "element": <JsonSchema
            schema={
              Object {
                "component": "Text",
                "props": Object {
                  "style": Object {
                    "color": "red",
                  },
                },
                "text": "This componenet is generated through JsonSchema Component",
              }
            }
          />,
        },
        "mode": 0,
        "nextEffect": null,
        "pendingProps": null,
        "ref": null,
        "return": null,
        "sibling": null,
        "stateNode": Object {
          "containerInfo": Object {
            "children": Array [
              Object {
                "children": Array [
                  Object {
                    "isHidden": false,
                    "tag": "TEXT",
                    "text": "This componenet is generated through JsonSchema Component",
                  },
                ],
                "isHidden": false,
                "props": Object {
                  "children": "This componenet is generated through JsonSchema Component",
                  "style": Object {
                    "color": "red",
                  },
                },
                "rootContainerInstance": [Circular],
                "tag": "INSTANCE",
                "type": "Text",
              },
            ],
            "createNodeMock": [Function],
            "tag": "CONTAINER",
          },
          "context": Object {},
          "current": [Circular],
          "didError": false,
          "earliestPendingTime": 0,
          "earliestSuspendedTime": 0,
          "expirationTime": 0,
          "finishedWork": null,
          "firstBatch": null,
          "hydrate": false,
          "latestPendingTime": 0,
          "latestPingedTime": 0,
          "latestSuspendedTime": 0,
          "nextExpirationTimeToWorkOn": 0,
          "nextScheduledRoot": null,
          "pendingChildren": null,
          "pendingCommitExpirationTime": 0,
          "pendingContext": null,
          "timeoutHandle": -1,
        },
        "tag": 3,
        "type": null,
        "updateQueue": Object {
          "baseState": Object {
            "element": <JsonSchema
              schema={
                Object {
                  "component": "Text",
                  "props": Object {
                    "style": Object {
                      "color": "red",
                    },
                  },
                  "text": "This componenet is generated through JsonSchema Component",
                }
              }
            />,
          },
          "firstCapturedEffect": null,
          "firstCapturedUpdate": null,
          "firstEffect": null,
          "firstUpdate": null,
          "lastCapturedEffect": null,
          "lastCapturedUpdate": null,
          "lastEffect": null,
          "lastUpdate": null,
        },
      },
      "sibling": null,
      "stateNode": [Circular],
      "tag": 1,
      "type": [Function],
      "updateQueue": null,
    },
    "_reactInternalInstance": Object {},
    "context": Object {},
    "props": Object {
      "schema": Object {
        "component": "Text",
        "props": Object {
          "style": Object {
            "color": "red",
          },
        },
        "text": "This componenet is generated through JsonSchema Component",
      },
    },
    "refs": Object {},
    "state": null,
    "updater": Object {
      "enqueueForceUpdate": [Function],
      "enqueueReplaceState": [Function],
      "enqueueSetState": [Function],
      "isMounted": [Function],
    },
  },
  "nodeType": "component",
  "props": Object {
    "schema": Object {
      "component": "Text",
      "props": Object {
        "style": Object {
          "color": "red",
        },
      },
      "text": "This componenet is generated through JsonSchema Component",
    },
  },
  "rendered": Object {
    "instance": null,
    "nodeType": "component",
    "props": Object {
      "children": [Function],
    },
    "rendered": Object {
      "instance": Component {
        "_reactInternalFiber": FiberNode {
          "_debugID": 5,
          "_debugIsCurrentlyTiming": false,
          "_debugOwner": FiberNode {
            "_debugID": 4,
            "_debugIsCurrentlyTiming": false,
            "_debugOwner": FiberNode {
              "_debugID": 3,
              "_debugIsCurrentlyTiming": false,
              "_debugOwner": null,
              "_debugSource": null,
              "alternate": null,
              "child": [Circular],
              "childExpirationTime": 0,
              "effectTag": 1,
              "elementType": [Function],
              "expirationTime": 0,
              "firstContextDependency": null,
              "firstEffect": null,
              "index": 0,
              "key": null,
              "lastEffect": null,
              "memoizedProps": Object {
                "schema": Object {
                  "component": "Text",
                  "props": Object {
                    "style": Object {
                      "color": "red",
                    },
                  },
                  "text": "This componenet is generated through JsonSchema Component",
                },
              },
              "memoizedState": null,
              "mode": 0,
              "nextEffect": null,
              "pendingProps": Object {
                "schema": Object {
                  "component": "Text",
                  "props": Object {
                    "style": Object {
                      "color": "red",
                    },
                  },
                  "text": "This componenet is generated through JsonSchema Component",
                },
              },
              "ref": null,
              "return": FiberNode {
                "_debugID": 1,
                "_debugIsCurrentlyTiming": false,
                "_debugOwner": null,
                "_debugSource": null,
                "alternate": FiberNode {
                  "_debugID": 1,
                  "_debugIsCurrentlyTiming": false,
                  "_debugOwner": null,
                  "_debugSource": null,
                  "alternate": [Circular],
                  "child": null,
                  "childExpirationTime": 0,
                  "effectTag": 0,
                  "elementType": null,
                  "expirationTime": 1073741823,
                  "firstContextDependency": null,
                  "firstEffect": null,
                  "index": 0,
                  "key": null,
                  "lastEffect": null,
                  "memoizedProps": null,
                  "memoizedState": null,
                  "mode": 0,
                  "nextEffect": null,
                  "pendingProps": null,
                  "ref": null,
                  "return": null,
                  "sibling": null,
                  "stateNode": Object {
                    "containerInfo": Object {
                      "children": Array [
                        Object {
                          "children": Array [
                            Object {
                              "isHidden": false,
                              "tag": "TEXT",
                              "text": "This componenet is generated through JsonSchema Component",
                            },
                          ],
                          "isHidden": false,
                          "props": Object {
                            "children": "This componenet is generated through JsonSchema Component",
                            "style": Object {
                              "color": "red",
                            },
                          },
                          "rootContainerInstance": [Circular],
                          "tag": "INSTANCE",
                          "type": "Text",
                        },
                      ],
                      "createNodeMock": [Function],
                      "tag": "CONTAINER",
                    },
                    "context": Object {},
                    "current": [Circular],
                    "didError": false,
                    "earliestPendingTime": 0,
                    "earliestSuspendedTime": 0,
                    "expirationTime": 0,
                    "finishedWork": null,
                    "firstBatch": null,
                    "hydrate": false,
                    "latestPendingTime": 0,
                    "latestPingedTime": 0,
                    "latestSuspendedTime": 0,
                    "nextExpirationTimeToWorkOn": 0,
                    "nextScheduledRoot": null,
                    "pendingChildren": null,
                    "pendingCommitExpirationTime": 0,
                    "pendingContext": null,
                    "timeoutHandle": -1,
                  },
                  "tag": 3,
                  "type": null,
                  "updateQueue": Object {
                    "baseState": null,
                    "firstCapturedEffect": null,
                    "firstCapturedUpdate": null,
                    "firstEffect": null,
                    "firstUpdate": Object {
                      "callback": null,
                      "expirationTime": 1073741823,
                      "next": null,
                      "nextEffect": null,
                      "payload": Object {
                        "element": <JsonSchema
                          schema={
                            Object {
                              "component": "Text",
                              "props": Object {
                                "style": Object {
                                  "color": "red",
                                },
                              },
                              "text": "This componenet is generated through JsonSchema Component",
                            }
                          }
                        />,
                      },
                      "tag": 0,
                    },
                    "lastCapturedEffect": null,
                    "lastCapturedUpdate": null,
                    "lastEffect": null,
                    "lastUpdate": Object {
                      "callback": null,
                      "expirationTime": 1073741823,
                      "next": null,
                      "nextEffect": null,
                      "payload": Object {
                        "element": <JsonSchema
                          schema={
                            Object {
                              "component": "Text",
                              "props": Object {
                                "style": Object {
                                  "color": "red",
                                },
                              },
                              "text": "This componenet is generated through JsonSchema Component",
                            }
                          }
                        />,
                      },
                      "tag": 0,
                    },
                  },
                },
                "child": [Circular],
                "childExpirationTime": 0,
                "effectTag": 0,
                "elementType": null,
                "expirationTime": 0,
                "firstContextDependency": null,
                "firstEffect": [Circular],
                "index": 0,
                "key": null,
                "lastEffect": [Circular],
                "memoizedProps": null,
                "memoizedState": Object {
                  "element": <JsonSchema
                    schema={
                      Object {
                        "component": "Text",
                        "props": Object {
                          "style": Object {
                            "color": "red",
                          },
                        },
                        "text": "This componenet is generated through JsonSchema Component",
                      }
                    }
                  />,
                },
                "mode": 0,
                "nextEffect": null,
                "pendingProps": null,
                "ref": null,
                "return": null,
                "sibling": null,
                "stateNode": Object {
                  "containerInfo": Object {
                    "children": Array [
                      Object {
                        "children": Array [
                          Object {
                            "isHidden": false,
                            "tag": "TEXT",
                            "text": "This componenet is generated through JsonSchema Component",
                          },
                        ],
                        "isHidden": false,
                        "props": Object {
                          "children": "This componenet is generated through JsonSchema Component",
                          "style": Object {
                            "color": "red",
                          },
                        },
                        "rootContainerInstance": [Circular],
                        "tag": "INSTANCE",
                        "type": "Text",
                      },
                    ],
                    "createNodeMock": [Function],
                    "tag": "CONTAINER",
                  },
                  "context": Object {},
                  "current": [Circular],
                  "didError": false,
                  "earliestPendingTime": 0,
                  "earliestSuspendedTime": 0,
                  "expirationTime": 0,
                  "finishedWork": null,
                  "firstBatch": null,
                  "hydrate": false,
                  "latestPendingTime": 0,
                  "latestPingedTime": 0,
                  "latestSuspendedTime": 0,
                  "nextExpirationTimeToWorkOn": 0,
                  "nextScheduledRoot": null,
                  "pendingChildren": null,
                  "pendingCommitExpirationTime": 0,
                  "pendingContext": null,
                  "timeoutHandle": -1,
                },
                "tag": 3,
                "type": null,
                "updateQueue": Object {
                  "baseState": Object {
                    "element": <JsonSchema
                      schema={
                        Object {
                          "component": "Text",
                          "props": Object {
                            "style": Object {
                              "color": "red",
                            },
                          },
                          "text": "This componenet is generated through JsonSchema Component",
                        }
                      }
                    />,
                  },
                  "firstCapturedEffect": null,
                  "firstCapturedUpdate": null,
                  "firstEffect": null,
                  "firstUpdate": null,
                  "lastCapturedEffect": null,
                  "lastCapturedUpdate": null,
                  "lastEffect": null,
                  "lastUpdate": null,
                },
              },
              "sibling": null,
              "stateNode": JsonSchema {
                "_reactInternalFiber": [Circular],
                "_reactInternalInstance": Object {},
                "context": Object {},
                "props": Object {
                  "schema": Object {
                    "component": "Text",
                    "props": Object {
                      "style": Object {
                        "color": "red",
                      },
                    },
                    "text": "This componenet is generated through JsonSchema Component",
                  },
                },
                "refs": Object {},
                "state": null,
                "updater": Object {
                  "enqueueForceUpdate": [Function],
                  "enqueueReplaceState": [Function],
                  "enqueueSetState": [Function],
                  "isMounted": [Function],
                },
              },
              "tag": 1,
              "type": [Function],
              "updateQueue": null,
            },
            "_debugSource": null,
            "alternate": null,
            "child": [Circular],
            "childExpirationTime": 0,
            "effectTag": 1,
            "elementType": [Function],
            "expirationTime": 0,
            "firstContextDependency": null,
            "firstEffect": null,
            "index": 0,
            "key": null,
            "lastEffect": null,
            "memoizedProps": Object {
              "children": [Function],
            },
            "memoizedState": null,
            "mode": 0,
            "nextEffect": null,
            "pendingProps": Object {
              "children": [Function],
            },
            "ref": null,
            "return": FiberNode {
              "_debugID": 3,
              "_debugIsCurrentlyTiming": false,
              "_debugOwner": null,
              "_debugSource": null,
              "alternate": null,
              "child": [Circular],
              "childExpirationTime": 0,
              "effectTag": 1,
              "elementType": [Function],
              "expirationTime": 0,
              "firstContextDependency": null,
              "firstEffect": null,
              "index": 0,
              "key": null,
              "lastEffect": null,
              "memoizedProps": Object {
                "schema": Object {
                  "component": "Text",
                  "props": Object {
                    "style": Object {
                      "color": "red",
                    },
                  },
                  "text": "This componenet is generated through JsonSchema Component",
                },
              },
              "memoizedState": null,
              "mode": 0,
              "nextEffect": null,
              "pendingProps": Object {
                "schema": Object {
                  "component": "Text",
                  "props": Object {
                    "style": Object {
                      "color": "red",
                    },
                  },
                  "text": "This componenet is generated through JsonSchema Component",
                },
              },
              "ref": null,
              "return": FiberNode {
                "_debugID": 1,
                "_debugIsCurrentlyTiming": false,
                "_debugOwner": null,
                "_debugSource": null,
                "alternate": FiberNode {
                  "_debugID": 1,
                  "_debugIsCurrentlyTiming": false,
                  "_debugOwner": null,
                  "_debugSource": null,
                  "alternate": [Circular],
                  "child": null,
                  "childExpirationTime": 0,
                  "effectTag": 0,
                  "elementType": null,
                  "expirationTime": 1073741823,
                  "firstContextDependency": null,
                  "firstEffect": null,
                  "index": 0,
                  "key": null,
                  "lastEffect": null,
                  "memoizedProps": null,
                  "memoizedState": null,
                  "mode": 0,
                  "nextEffect": null,
                  "pendingProps": null,
                  "ref": null,
                  "return": null,
                  "sibling": null,
                  "stateNode": Object {
                    "containerInfo": Object {
                      "children": Array [
                        Object {
                          "children": Array [
                            Object {
                              "isHidden": false,
                              "tag": "TEXT",
                              "text": "This componenet is generated through JsonSchema Component",
                            },
                          ],
                          "isHidden": false,
                          "props": Object {
                            "children": "This componenet is generated through JsonSchema Component",
                            "style": Object {
                              "color": "red",
                            },
                          },
                          "rootContainerInstance": [Circular],
                          "tag": "INSTANCE",
                          "type": "Text",
                        },
                      ],
                      "createNodeMock": [Function],
                      "tag": "CONTAINER",
                    },
                    "context": Object {},
                    "current": [Circular],
                    "didError": false,
                    "earliestPendingTime": 0,
                    "earliestSuspendedTime": 0,
                    "expirationTime": 0,
                    "finishedWork": null,
                    "firstBatch": null,
                    "hydrate": false,
                    "latestPendingTime": 0,
                    "latestPingedTime": 0,
                    "latestSuspendedTime": 0,
                    "nextExpirationTimeToWorkOn": 0,
                    "nextScheduledRoot": null,
                    "pendingChildren": null,
                    "pendingCommitExpirationTime": 0,
                    "pendingContext": null,
                    "timeoutHandle": -1,
                  },
                  "tag": 3,
                  "type": null,
                  "updateQueue": Object {
                    "baseState": null,
                    "firstCapturedEffect": null,
                    "firstCapturedUpdate": null,
                    "firstEffect": null,
                    "firstUpdate": Object {
                      "callback": null,
                      "expirationTime": 1073741823,
                      "next": null,
                      "nextEffect": null,
                      "payload": Object {
                        "element": <JsonSchema
                          schema={
                            Object {
                              "component": "Text",
                              "props": Object {
                                "style": Object {
                                  "color": "red",
                                },
                              },
                              "text": "This componenet is generated through JsonSchema Component",
                            }
                          }
                        />,
                      },
                      "tag": 0,
                    },
                    "lastCapturedEffect": null,
                    "lastCapturedUpdate": null,
                    "lastEffect": null,
                    "lastUpdate": Object {
                      "callback": null,
                      "expirationTime": 1073741823,
                      "next": null,
                      "nextEffect": null,
                      "payload": Object {
                        "element": <JsonSchema
                          schema={
                            Object {
                              "component": "Text",
                              "props": Object {
                                "style": Object {
                                  "color": "red",
                                },
                              },
                              "text": "This componenet is generated through JsonSchema Component",
                            }
                          }
                        />,
                      },
                      "tag": 0,
                    },
                  },
                },
                "child": [Circular],
                "childExpirationTime": 0,
                "effectTag": 0,
                "elementType": null,
                "expirationTime": 0,
                "firstContextDependency": null,
                "firstEffect": [Circular],
                "index": 0,
                "key": null,
                "lastEffect": [Circular],
                "memoizedProps": null,
                "memoizedState": Object {
                  "element": <JsonSchema
                    schema={
                      Object {
                        "component": "Text",
                        "props": Object {
                          "style": Object {
                            "color": "red",
                          },
                        },
                        "text": "This componenet is generated through JsonSchema Component",
                      }
                    }
                  />,
                },
                "mode": 0,
                "nextEffect": null,
                "pendingProps": null,
                "ref": null,
                "return": null,
                "sibling": null,
                "stateNode": Object {
                  "containerInfo": Object {
                    "children": Array [
                      Object {
                        "children": Array [
                          Object {
                            "isHidden": false,
                            "tag": "TEXT",
                            "text": "This componenet is generated through JsonSchema Component",
                          },
                        ],
                        "isHidden": false,
                        "props": Object {
                          "children": "This componenet is generated through JsonSchema Component",
                          "style": Object {
                            "color": "red",
                          },
                        },
                        "rootContainerInstance": [Circular],
                        "tag": "INSTANCE",
                        "type": "Text",
                      },
                    ],
                    "createNodeMock": [Function],
                    "tag": "CONTAINER",
                  },
                  "context": Object {},
                  "current": [Circular],
                  "didError": false,
                  "earliestPendingTime": 0,
                  "earliestSuspendedTime": 0,
                  "expirationTime": 0,
                  "finishedWork": null,
                  "firstBatch": null,
                  "hydrate": false,
                  "latestPendingTime": 0,
                  "latestPingedTime": 0,
                  "latestSuspendedTime": 0,
                  "nextExpirationTimeToWorkOn": 0,
                  "nextScheduledRoot": null,
                  "pendingChildren": null,
                  "pendingCommitExpirationTime": 0,
                  "pendingContext": null,
                  "timeoutHandle": -1,
                },
                "tag": 3,
                "type": null,
                "updateQueue": Object {
                  "baseState": Object {
                    "element": <JsonSchema
                      schema={
                        Object {
                          "component": "Text",
                          "props": Object {
                            "style": Object {
                              "color": "red",
                            },
                          },
                          "text": "This componenet is generated through JsonSchema Component",
                        }
                      }
                    />,
                  },
                  "firstCapturedEffect": null,
                  "firstCapturedUpdate": null,
                  "firstEffect": null,
                  "firstUpdate": null,
                  "lastCapturedEffect": null,
                  "lastCapturedUpdate": null,
                  "lastEffect": null,
                  "lastUpdate": null,
                },
              },
              "sibling": null,
              "stateNode": JsonSchema {
                "_reactInternalFiber": [Circular],
                "_reactInternalInstance": Object {},
                "context": Object {},
                "props": Object {
                  "schema": Object {
                    "component": "Text",
                    "props": Object {
                      "style": Object {
                        "color": "red",
                      },
                    },
                    "text": "This componenet is generated through JsonSchema Component",
                  },
                },
                "refs": Object {},
                "state": null,
                "updater": Object {
                  "enqueueForceUpdate": [Function],
                  "enqueueReplaceState": [Function],
                  "enqueueSetState": [Function],
                  "isMounted": [Function],
                },
              },
              "tag": 1,
              "type": [Function],
              "updateQueue": null,
            },
            "sibling": null,
            "stateNode": null,
            "tag": 0,
            "type": [Function],
            "updateQueue": null,
          },
          "_debugSource": null,
          "alternate": null,
          "child": FiberNode {
            "_debugID": 6,
            "_debugIsCurrentlyTiming": false,
            "_debugOwner": [Circular],
            "_debugSource": null,
            "alternate": null,
            "child": FiberNode {
              "_debugID": 7,
              "_debugIsCurrentlyTiming": false,
              "_debugOwner": null,
              "_debugSource": null,
              "alternate": null,
              "child": null,
              "childExpirationTime": 0,
              "effectTag": 0,
              "elementType": null,
              "expirationTime": 0,
              "firstContextDependency": null,
              "firstEffect": null,
              "index": 0,
              "key": null,
              "lastEffect": null,
              "memoizedProps": "This componenet is generated through JsonSchema Component",
              "memoizedState": null,
              "mode": 0,
              "nextEffect": null,
              "pendingProps": "This componenet is generated through JsonSchema Component",
              "ref": null,
              "return": [Circular],
              "sibling": null,
              "stateNode": Object {
                "isHidden": false,
                "tag": "TEXT",
                "text": "This componenet is generated through JsonSchema Component",
              },
              "tag": 6,
              "type": null,
              "updateQueue": null,
            },
            "childExpirationTime": 0,
            "effectTag": 0,
            "elementType": "Text",
            "expirationTime": 0,
            "firstContextDependency": null,
            "firstEffect": null,
            "index": 0,
            "key": null,
            "lastEffect": null,
            "memoizedProps": Object {
              "children": "This componenet is generated through JsonSchema Component",
              "style": Object {
                "color": "red",
              },
            },
            "memoizedState": null,
            "mode": 0,
            "nextEffect": null,
            "pendingProps": Object {
              "children": "This componenet is generated through JsonSchema Component",
              "style": Object {
                "color": "red",
              },
            },
            "ref": null,
            "return": [Circular],
            "sibling": null,
            "stateNode": Object {
              "children": Array [
                Object {
                  "isHidden": false,
                  "tag": "TEXT",
                  "text": "This componenet is generated through JsonSchema Component",
                },
              ],
              "isHidden": false,
              "props": Object {
                "children": "This componenet is generated through JsonSchema Component",
                "style": Object {
                  "color": "red",
                },
              },
              "rootContainerInstance": Object {
                "children": Array [
                  [Circular],
                ],
                "createNodeMock": [Function],
                "tag": "CONTAINER",
              },
              "tag": "INSTANCE",
              "type": "Text",
            },
            "tag": 5,
            "type": "Text",
            "updateQueue": null,
          },
          "childExpirationTime": 0,
          "effectTag": 1,
          "elementType": [Function],
          "expirationTime": 0,
          "firstContextDependency": null,
          "firstEffect": null,
          "index": 0,
          "key": null,
          "lastEffect": null,
          "memoizedProps": Object {
            "children": "This componenet is generated through JsonSchema Component",
            "style": Object {
              "color": "red",
            },
          },
          "memoizedState": null,
          "mode": 0,
          "nextEffect": null,
          "pendingProps": Object {
            "children": "This componenet is generated through JsonSchema Component",
            "style": Object {
              "color": "red",
            },
          },
          "ref": null,
          "return": FiberNode {
            "_debugID": 4,
            "_debugIsCurrentlyTiming": false,
            "_debugOwner": FiberNode {
              "_debugID": 3,
              "_debugIsCurrentlyTiming": false,
              "_debugOwner": null,
              "_debugSource": null,
              "alternate": null,
              "child": [Circular],
              "childExpirationTime": 0,
              "effectTag": 1,
              "elementType": [Function],
              "expirationTime": 0,
              "firstContextDependency": null,
              "firstEffect": null,
              "index": 0,
              "key": null,
              "lastEffect": null,
              "memoizedProps": Object {
                "schema": Object {
                  "component": "Text",
                  "props": Object {
                    "style": Object {
                      "color": "red",
                    },
                  },
                  "text": "This componenet is generated through JsonSchema Component",
                },
              },
              "memoizedState": null,
              "mode": 0,
              "nextEffect": null,
              "pendingProps": Object {
                "schema": Object {
                  "component": "Text",
                  "props": Object {
                    "style": Object {
                      "color": "red",
                    },
                  },
                  "text": "This componenet is generated through JsonSchema Component",
                },
              },
              "ref": null,
              "return": FiberNode {
                "_debugID": 1,
                "_debugIsCurrentlyTiming": false,
                "_debugOwner": null,
                "_debugSource": null,
                "alternate": FiberNode {
                  "_debugID": 1,
                  "_debugIsCurrentlyTiming": false,
                  "_debugOwner": null,
                  "_debugSource": null,
                  "alternate": [Circular],
                  "child": null,
                  "childExpirationTime": 0,
                  "effectTag": 0,
                  "elementType": null,
                  "expirationTime": 1073741823,
                  "firstContextDependency": null,
                  "firstEffect": null,
                  "index": 0,
                  "key": null,
                  "lastEffect": null,
                  "memoizedProps": null,
                  "memoizedState": null,
                  "mode": 0,
                  "nextEffect": null,
                  "pendingProps": null,
                  "ref": null,
                  "return": null,
                  "sibling": null,
                  "stateNode": Object {
                    "containerInfo": Object {
                      "children": Array [
                        Object {
                          "children": Array [
                            Object {
                              "isHidden": false,
                              "tag": "TEXT",
                              "text": "This componenet is generated through JsonSchema Component",
                            },
                          ],
                          "isHidden": false,
                          "props": Object {
                            "children": "This componenet is generated through JsonSchema Component",
                            "style": Object {
                              "color": "red",
                            },
                          },
                          "rootContainerInstance": [Circular],
                          "tag": "INSTANCE",
                          "type": "Text",
                        },
                      ],
                      "createNodeMock": [Function],
                      "tag": "CONTAINER",
                    },
                    "context": Object {},
                    "current": [Circular],
                    "didError": false,
                    "earliestPendingTime": 0,
                    "earliestSuspendedTime": 0,
                    "expirationTime": 0,
                    "finishedWork": null,
                    "firstBatch": null,
                    "hydrate": false,
                    "latestPendingTime": 0,
                    "latestPingedTime": 0,
                    "latestSuspendedTime": 0,
                    "nextExpirationTimeToWorkOn": 0,
                    "nextScheduledRoot": null,
                    "pendingChildren": null,
                    "pendingCommitExpirationTime": 0,
                    "pendingContext": null,
                    "timeoutHandle": -1,
                  },
                  "tag": 3,
                  "type": null,
                  "updateQueue": Object {
                    "baseState": null,
                    "firstCapturedEffect": null,
                    "firstCapturedUpdate": null,
                    "firstEffect": null,
                    "firstUpdate": Object {
                      "callback": null,
                      "expirationTime": 1073741823,
                      "next": null,
                      "nextEffect": null,
                      "payload": Object {
                        "element": <JsonSchema
                          schema={
                            Object {
                              "component": "Text",
                              "props": Object {
                                "style": Object {
                                  "color": "red",
                                },
                              },
                              "text": "This componenet is generated through JsonSchema Component",
                            }
                          }
                        />,
                      },
                      "tag": 0,
                    },
                    "lastCapturedEffect": null,
                    "lastCapturedUpdate": null,
                    "lastEffect": null,
                    "lastUpdate": Object {
                      "callback": null,
                      "expirationTime": 1073741823,
                      "next": null,
                      "nextEffect": null,
                      "payload": Object {
                        "element": <JsonSchema
                          schema={
                            Object {
                              "component": "Text",
                              "props": Object {
                                "style": Object {
                                  "color": "red",
                                },
                              },
                              "text": "This componenet is generated through JsonSchema Component",
                            }
                          }
                        />,
                      },
                      "tag": 0,
                    },
                  },
                },
                "child": [Circular],
                "childExpirationTime": 0,
                "effectTag": 0,
                "elementType": null,
                "expirationTime": 0,
                "firstContextDependency": null,
                "firstEffect": [Circular],
                "index": 0,
                "key": null,
                "lastEffect": [Circular],
                "memoizedProps": null,
                "memoizedState": Object {
                  "element": <JsonSchema
                    schema={
                      Object {
                        "component": "Text",
                        "props": Object {
                          "style": Object {
                            "color": "red",
                          },
                        },
                        "text": "This componenet is generated through JsonSchema Component",
                      }
                    }
                  />,
                },
                "mode": 0,
                "nextEffect": null,
                "pendingProps": null,
                "ref": null,
                "return": null,
                "sibling": null,
                "stateNode": Object {
                  "containerInfo": Object {
                    "children": Array [
                      Object {
                        "children": Array [
                          Object {
                            "isHidden": false,
                            "tag": "TEXT",
                            "text": "This componenet is generated through JsonSchema Component",
                          },
                        ],
                        "isHidden": false,
                        "props": Object {
                          "children": "This componenet is generated through JsonSchema Component",
                          "style": Object {
                            "color": "red",
                          },
                        },
                        "rootContainerInstance": [Circular],
                        "tag": "INSTANCE",
                        "type": "Text",
                      },
                    ],
                    "createNodeMock": [Function],
                    "tag": "CONTAINER",
                  },
                  "context": Object {},
                  "current": [Circular],
                  "didError": false,
                  "earliestPendingTime": 0,
                  "earliestSuspendedTime": 0,
                  "expirationTime": 0,
                  "finishedWork": null,
                  "firstBatch": null,
                  "hydrate": false,
                  "latestPendingTime": 0,
                  "latestPingedTime": 0,
                  "latestSuspendedTime": 0,
                  "nextExpirationTimeToWorkOn": 0,
                  "nextScheduledRoot": null,
                  "pendingChildren": null,
                  "pendingCommitExpirationTime": 0,
                  "pendingContext": null,
                  "timeoutHandle": -1,
                },
                "tag": 3,
                "type": null,
                "updateQueue": Object {
                  "baseState": Object {
                    "element": <JsonSchema
                      schema={
                        Object {
                          "component": "Text",
                          "props": Object {
                            "style": Object {
                              "color": "red",
                            },
                          },
                          "text": "This componenet is generated through JsonSchema Component",
                        }
                      }
                    />,
                  },
                  "firstCapturedEffect": null,
                  "firstCapturedUpdate": null,
                  "firstEffect": null,
                  "firstUpdate": null,
                  "lastCapturedEffect": null,
                  "lastCapturedUpdate": null,
                  "lastEffect": null,
                  "lastUpdate": null,
                },
              },
              "sibling": null,
              "stateNode": JsonSchema {
                "_reactInternalFiber": [Circular],
                "_reactInternalInstance": Object {},
                "context": Object {},
                "props": Object {
                  "schema": Object {
                    "component": "Text",
                    "props": Object {
                      "style": Object {
                        "color": "red",
                      },
                    },
                    "text": "This componenet is generated through JsonSchema Component",
                  },
                },
                "refs": Object {},
                "state": null,
                "updater": Object {
                  "enqueueForceUpdate": [Function],
                  "enqueueReplaceState": [Function],
                  "enqueueSetState": [Function],
                  "isMounted": [Function],
                },
              },
              "tag": 1,
              "type": [Function],
              "updateQueue": null,
            },
            "_debugSource": null,
            "alternate": null,
            "child": [Circular],
            "childExpirationTime": 0,
            "effectTag": 1,
            "elementType": [Function],
            "expirationTime": 0,
            "firstContextDependency": null,
            "firstEffect": null,
            "index": 0,
            "key": null,
            "lastEffect": null,
            "memoizedProps": Object {
              "children": [Function],
            },
            "memoizedState": null,
            "mode": 0,
            "nextEffect": null,
            "pendingProps": Object {
              "children": [Function],
            },
            "ref": null,
            "return": FiberNode {
              "_debugID": 3,
              "_debugIsCurrentlyTiming": false,
              "_debugOwner": null,
              "_debugSource": null,
              "alternate": null,
              "child": [Circular],
              "childExpirationTime": 0,
              "effectTag": 1,
              "elementType": [Function],
              "expirationTime": 0,
              "firstContextDependency": null,
              "firstEffect": null,
              "index": 0,
              "key": null,
              "lastEffect": null,
              "memoizedProps": Object {
                "schema": Object {
                  "component": "Text",
                  "props": Object {
                    "style": Object {
                      "color": "red",
                    },
                  },
                  "text": "This componenet is generated through JsonSchema Component",
                },
              },
              "memoizedState": null,
              "mode": 0,
              "nextEffect": null,
              "pendingProps": Object {
                "schema": Object {
                  "component": "Text",
                  "props": Object {
                    "style": Object {
                      "color": "red",
                    },
                  },
                  "text": "This componenet is generated through JsonSchema Component",
                },
              },
              "ref": null,
              "return": FiberNode {
                "_debugID": 1,
                "_debugIsCurrentlyTiming": false,
                "_debugOwner": null,
                "_debugSource": null,
                "alternate": FiberNode {
                  "_debugID": 1,
                  "_debugIsCurrentlyTiming": false,
                  "_debugOwner": null,
                  "_debugSource": null,
                  "alternate": [Circular],
                  "child": null,
                  "childExpirationTime": 0,
                  "effectTag": 0,
                  "elementType": null,
                  "expirationTime": 1073741823,
                  "firstContextDependency": null,
                  "firstEffect": null,
                  "index": 0,
                  "key": null,
                  "lastEffect": null,
                  "memoizedProps": null,
                  "memoizedState": null,
                  "mode": 0,
                  "nextEffect": null,
                  "pendingProps": null,
                  "ref": null,
                  "return": null,
                  "sibling": null,
                  "stateNode": Object {
                    "containerInfo": Object {
                      "children": Array [
                        Object {
                          "children": Array [
                            Object {
                              "isHidden": false,
                              "tag": "TEXT",
                              "text": "This componenet is generated through JsonSchema Component",
                            },
                          ],
                          "isHidden": false,
                          "props": Object {
                            "children": "This componenet is generated through JsonSchema Component",
                            "style": Object {
                              "color": "red",
                            },
                          },
                          "rootContainerInstance": [Circular],
                          "tag": "INSTANCE",
                          "type": "Text",
                        },
                      ],
                      "createNodeMock": [Function],
                      "tag": "CONTAINER",
                    },
                    "context": Object {},
                    "current": [Circular],
                    "didError": false,
                    "earliestPendingTime": 0,
                    "earliestSuspendedTime": 0,
                    "expirationTime": 0,
                    "finishedWork": null,
                    "firstBatch": null,
                    "hydrate": false,
                    "latestPendingTime": 0,
                    "latestPingedTime": 0,
                    "latestSuspendedTime": 0,
                    "nextExpirationTimeToWorkOn": 0,
                    "nextScheduledRoot": null,
                    "pendingChildren": null,
                    "pendingCommitExpirationTime": 0,
                    "pendingContext": null,
                    "timeoutHandle": -1,
                  },
                  "tag": 3,
                  "type": null,
                  "updateQueue": Object {
                    "baseState": null,
                    "firstCapturedEffect": null,
                    "firstCapturedUpdate": null,
                    "firstEffect": null,
                    "firstUpdate": Object {
                      "callback": null,
                      "expirationTime": 1073741823,
                      "next": null,
                      "nextEffect": null,
                      "payload": Object {
                        "element": <JsonSchema
                          schema={
                            Object {
                              "component": "Text",
                              "props": Object {
                                "style": Object {
                                  "color": "red",
                                },
                              },
                              "text": "This componenet is generated through JsonSchema Component",
                            }
                          }
                        />,
                      },
                      "tag": 0,
                    },
                    "lastCapturedEffect": null,
                    "lastCapturedUpdate": null,
                    "lastEffect": null,
                    "lastUpdate": Object {
                      "callback": null,
                      "expirationTime": 1073741823,
                      "next": null,
                      "nextEffect": null,
                      "payload": Object {
                        "element": <JsonSchema
                          schema={
                            Object {
                              "component": "Text",
                              "props": Object {
                                "style": Object {
                                  "color": "red",
                                },
                              },
                              "text": "This componenet is generated through JsonSchema Component",
                            }
                          }
                        />,
                      },
                      "tag": 0,
                    },
                  },
                },
                "child": [Circular],
                "childExpirationTime": 0,
                "effectTag": 0,
                "elementType": null,
                "expirationTime": 0,
                "firstContextDependency": null,
                "firstEffect": [Circular],
                "index": 0,
                "key": null,
                "lastEffect": [Circular],
                "memoizedProps": null,
                "memoizedState": Object {
                  "element": <JsonSchema
                    schema={
                      Object {
                        "component": "Text",
                        "props": Object {
                          "style": Object {
                            "color": "red",
                          },
                        },
                        "text": "This componenet is generated through JsonSchema Component",
                      }
                    }
                  />,
                },
                "mode": 0,
                "nextEffect": null,
                "pendingProps": null,
                "ref": null,
                "return": null,
                "sibling": null,
                "stateNode": Object {
                  "containerInfo": Object {
                    "children": Array [
                      Object {
                        "children": Array [
                          Object {
                            "isHidden": false,
                            "tag": "TEXT",
                            "text": "This componenet is generated through JsonSchema Component",
                          },
                        ],
                        "isHidden": false,
                        "props": Object {
                          "children": "This componenet is generated through JsonSchema Component",
                          "style": Object {
                            "color": "red",
                          },
                        },
                        "rootContainerInstance": [Circular],
                        "tag": "INSTANCE",
                        "type": "Text",
                      },
                    ],
                    "createNodeMock": [Function],
                    "tag": "CONTAINER",
                  },
                  "context": Object {},
                  "current": [Circular],
                  "didError": false,
                  "earliestPendingTime": 0,
                  "earliestSuspendedTime": 0,
                  "expirationTime": 0,
                  "finishedWork": null,
                  "firstBatch": null,
                  "hydrate": false,
                  "latestPendingTime": 0,
                  "latestPingedTime": 0,
                  "latestSuspendedTime": 0,
                  "nextExpirationTimeToWorkOn": 0,
                  "nextScheduledRoot": null,
                  "pendingChildren": null,
                  "pendingCommitExpirationTime": 0,
                  "pendingContext": null,
                  "timeoutHandle": -1,
                },
                "tag": 3,
                "type": null,
                "updateQueue": Object {
                  "baseState": Object {
                    "element": <JsonSchema
                      schema={
                        Object {
                          "component": "Text",
                          "props": Object {
                            "style": Object {
                              "color": "red",
                            },
                          },
                          "text": "This componenet is generated through JsonSchema Component",
                        }
                      }
                    />,
                  },
                  "firstCapturedEffect": null,
                  "firstCapturedUpdate": null,
                  "firstEffect": null,
                  "firstUpdate": null,
                  "lastCapturedEffect": null,
                  "lastCapturedUpdate": null,
                  "lastEffect": null,
                  "lastUpdate": null,
                },
              },
              "sibling": null,
              "stateNode": JsonSchema {
                "_reactInternalFiber": [Circular],
                "_reactInternalInstance": Object {},
                "context": Object {},
                "props": Object {
                  "schema": Object {
                    "component": "Text",
                    "props": Object {
                      "style": Object {
                        "color": "red",
                      },
                    },
                    "text": "This componenet is generated through JsonSchema Component",
                  },
                },
                "refs": Object {},
                "state": null,
                "updater": Object {
                  "enqueueForceUpdate": [Function],
                  "enqueueReplaceState": [Function],
                  "enqueueSetState": [Function],
                  "isMounted": [Function],
                },
              },
              "tag": 1,
              "type": [Function],
              "updateQueue": null,
            },
            "sibling": null,
            "stateNode": null,
            "tag": 0,
            "type": [Function],
            "updateQueue": null,
          },
          "sibling": null,
          "stateNode": [Circular],
          "tag": 1,
          "type": [Function],
          "updateQueue": null,
        },
        "_reactInternalInstance": Object {},
        "context": Object {},
        "props": Object {
          "children": "This componenet is generated through JsonSchema Component",
          "style": Object {
            "color": "red",
          },
        },
        "refs": Object {},
        "state": null,
        "updater": Object {
          "enqueueForceUpdate": [Function],
          "enqueueReplaceState": [Function],
          "enqueueSetState": [Function],
          "isMounted": [Function],
        },
      },
      "nodeType": "component",
      "props": Object {
        "children": "This componenet is generated through JsonSchema Component",
        "style": Object {
          "color": "red",
        },
      },
      "rendered": Object {
        "instance": null,
        "nodeType": "host",
        "props": Object {
          "children": "This componenet is generated through JsonSchema Component",
          "style": Object {
            "color": "red",
          },
        },
        "rendered": Array [
          "This componenet is generated through JsonSchema Component",
        ],
        "type": "Text",
      },
      "type": [Function],
    },
    "type": [Function],
  },
  "type": [Function],
}
`;
