// Jest Snapshot v1, https://goo.gl/fbAQLP

exports[`EmptyState Snapshot EmptyState 1`] = `
<View
  style={
    Object {
      "alignItems": "center",
      "flex": 1,
      "justifyContent": "center",
    }
  }
>
  <Text
    style={
      Array [
        Object {
          "color": "rgba(0, 0, 0, 0.87)",
          "fontFamily": "Roboto",
          "fontSize": 20,
          "fontWeight": "500",
        },
        Object {
          "marginBottom": 8,
          "textAlign": "center",
        },
      ]
    }
  >
    Empty Area
  </Text>
  <Text
    style={
      Array [
        Object {
          "color": "rgba(0, 0, 0, 0.87)",
          "fontFamily": "Roboto",
          "fontSize": 14,
          "fontWeight": "400",
        },
        Object {
          "marginBottom": 8,
          "textAlign": "center",
        },
      ]
    }
  >
    Create new items to fill this area.
  </Text>
</View>
`;
