// Jest Snapshot v1, https://goo.gl/fbAQLP

exports[`EmptyState Snapshot EmptyState 1`] = `
<View
  styles={Object {}}
>
  <Text
    style={
      Array [
        Object {
          "color": "rgba(0, 0, 0, 0.87)",
          "fontFamily": "Roboto",
          "fontSize": 16,
          "fontWeight": "400",
        },
        undefined,
      ]
    }
  >
    Empty area
  </Text>
  <Text
    style={
      Array [
        Object {
          "color": "rgba(0, 0, 0, 0.87)",
          "fontFamily": "Roboto",
          "fontSize": 16,
          "fontWeight": "400",
        },
        undefined,
      ]
    }
  >
    No data found.
  </Text>
</View>
`;
