// Jest Snapshot v1, https://goo.gl/fbAQLP

exports[`EmptyState Snapshot EmptyState 1`] = `
<View
  style={
    Object {
      "justifyContent": "center",
    }
  }
>
  <Text
    style={
      Array [
        Object {
          "color": "rgba(0, 0, 0, 0.87)",
          "fontFamily": undefined,
          "fontSize": 20,
          "fontWeight": "500",
        },
        Array [
          Object {
            "marginBottom": 8,
            "textAlign": "center",
          },
          undefined,
        ],
      ]
    }
  >
    Empty Area
  </Text>
  <Text
    style={
      Array [
        Object {
          "color": "rgba(0, 0, 0, 0.87)",
          "fontFamily": undefined,
          "fontSize": 14,
          "fontWeight": "400",
        },
        Array [
          Object {
            "marginBottom": 8,
            "textAlign": "center",
          },
          undefined,
        ],
      ]
    }
  >
    Create new items to fill this area.
  </Text>
</View>
`;
