// Jest Snapshot v1, https://goo.gl/fbAQLP

exports[`getComponent should render a button component 1`] = `
<View
  accessibilityRole="button"
  accessible={true}
  isTVSelectable={true}
  onResponderGrant={[Function]}
  onResponderMove={[Function]}
  onResponderRelease={[Function]}
  onResponderTerminate={[Function]}
  onResponderTerminationRequest={[Function]}
  onStartShouldSetResponder={[Function]}
  style={
    Object {
      "opacity": 1,
    }
  }
>
  <View
    style={
      Array [
        Object {
          "alignSelf": "flex-start",
          "borderRadius": 4,
          "paddingBottom": 8,
          "paddingLeft": 16,
          "paddingRight": 16,
          "paddingTop": 8,
        },
        Object {
          "backgroundColor": "#fafafa",
        },
      ]
    }
  >
    <Text
      style={
        Array [
          Object {
            "color": "rgba(0, 0, 0, 0.87)",
            "fontFamily": "Helvetica",
            "fontSize": 14,
            "fontWeight": "500",
            "textAlign": "center",
            "textTransform": "uppercase",
          },
          Object {},
        ]
      }
    >
      A Button component
    </Text>
  </View>
</View>
`;

exports[`getComponent should render a text component 1`] = `
<Text
  style={
    Array [
      Object {
        "color": "rgba(0, 0, 0, 0.87)",
        "fontFamily": "Helvetica",
        "fontSize": 16,
        "fontWeight": "400",
      },
      undefined,
    ]
  }
>
  A Text component
</Text>
`;
