// Jest Snapshot v1, https://goo.gl/fbAQLP

exports[`HomeScreen Snapshot HomeScreen 1`] = `
<View
  style={
    Object {
      "alignItems": "center",
    }
  }
>
  <View
    style={
      Object {
        "marginBottom": 16,
      }
    }
  >
    <Image
      args={Object {}}
      source="test-file-stub"
      style={
        Array [
          Object {
            "height": 100,
            "width": 100,
          },
          undefined,
        ]
      }
    />
  </View>
  <Text
    style={
      Array [
        Object {
          "color": "rgba(0, 0, 0, 0.87)",
          "fontFamily": undefined,
          "fontSize": 20,
          "fontWeight": "500",
        },
        Array [
          Object {
            "marginBottom": 8,
            "textAlign": "center",
          },
          undefined,
        ],
      ]
    }
  >
    BlueBase
  </Text>
  <Text
    style={
      Array [
        Object {
          "color": "rgba(0, 0, 0, 0.87)",
          "fontFamily": undefined,
          "fontSize": 14,
          "fontWeight": "400",
        },
        Array [
          Object {
            "marginBottom": 8,
            "textAlign": "center",
          },
          undefined,
        ],
      ]
    }
  >
    Welcome to BlueBase Framework!
  </Text>
</View>
`;
