// Jest Snapshot v1, https://goo.gl/fbAQLP

exports[`HomeScreen Snapshot HomeScreen 1`] = `
<View
  style={
    Object {
      "alignItems": "center",
      "flex": 1,
      "justifyContent": "center",
    }
  }
>
  <Text
    style={
      Object {
        "fontWeight": "bold",
      }
    }
  >
    🚨 BlueBase Error
  </Text>
  <Text>
    [31m[1mConfiguration error[22m:[39m
[31m[39m
[31mCould not locate module [1m../../../assets/common/logo.png[22m mapped as:[39m
[31m[1m/Users/artalat/Coding/bluebase/core/__mocks__/fileMock.js[22m.[39m
[31m[39m
[31mPlease check your configuration for these entries:[39m
[31m{[39m
[31m  "moduleNameMapper": {[39m
[31m    "/\\.(jpg|jpeg|png|gif|eot|otf|webp|svg|ttf|woff|woff2|mp4|webm|wav|mp3|m4a|aac|oga)$/": "[1m/Users/artalat/Coding/bluebase/core/__mocks__/fileMock.js[22m"[39m
[31m  },[39m
[31m  "resolver": [1mnull[22m[39m
[31m}[39m
  </Text>
</View>
`;
