// Jest Snapshot v1, https://goo.gl/fbAQLP

exports[`JsonSchema Snapshot ComponentState component 1`] = `
<Text>
  Loading
</Text>
`;

exports[`JsonSchema Snapshot ComponentState component after complete rendering 1`] = `
<View
  styles={Object {}}
>
  <Text
    style={
      Array [
        Object {
          "color": "rgba(0, 0, 0, 0.87)",
          "fontFamily": "Roboto",
          "fontSize": 16,
          "fontWeight": "400",
        },
        Object {
          "color": "red",
        },
      ]
    }
  >
    This componenet is generated through JsonSchema Component
  </Text>
</View>
`;
